students/biu_student_terrible/cccgcc.c:6:2: error: expected identifier or '(' before '}' token
    6 | }}
      |  ^