Compilation_Error_gets_10,10,COMPILATION_ERROR
Excellent_gets_100,100,EXCELLENT
NO_C_FILE_gets_0,0,NO_C_FILE
